// Jest Snapshot v1, https://goo.gl/fbAQLP

exports[`Layout Should render correctly 1`] = `
<div>
  <div
    class="sc-bgqQcB cIOqyG"
  />
</div>
`;
