// Jest Snapshot v1, https://goo.gl/fbAQLP

exports[`Outlet Should render correctly 1`] = `
<div>
  Outlet
</div>
`;
